Archive member included to satisfy reference by file (symbol)

./libopencm3//lib/libopencm3_stm32f3.a(rcc.o)
                              main.o (rcc_wait_for_osc_ready)
./libopencm3//lib/libopencm3_stm32f3.a(desig.o)
                              cdc.o (desig_get_unique_id_as_string)
./libopencm3//lib/libopencm3_stm32f3.a(gpio_common_all.o)
                              bias.o (gpio_set)
./libopencm3//lib/libopencm3_stm32f3.a(gpio_common_f0234.o)
                              bias.o (gpio_mode_setup)
./libopencm3//lib/libopencm3_stm32f3.a(spi_common_all.o)
                              acq.o (spi_reset)
./libopencm3//lib/libopencm3_stm32f3.a(dma_common_l1f013.o)
                              acq.o (dma_channel_reset)
./libopencm3//lib/libopencm3_stm32f3.a(flash_common_f234.o)
                              main.o (flash_set_ws)
./libopencm3//lib/libopencm3_stm32f3.a(rcc_common_all.o)
                              main.o (rcc_periph_clock_enable)
./libopencm3//lib/libopencm3_stm32f3.a(spi_common_f03.o)
                              acq.o (spi_init_master)
./libopencm3//lib/libopencm3_stm32f3.a(usb.o)
                              cdc.o (usbd_init)
./libopencm3//lib/libopencm3_stm32f3.a(usb_control.o)
                              cdc.o (usbd_register_control_callback)
./libopencm3//lib/libopencm3_stm32f3.a(usb_standard.o)
                              cdc.o (usbd_register_set_config_callback)
./libopencm3//lib/libopencm3_stm32f3.a(st_usbfs_v1.o)
                              cdc.o (st_usbfs_v1_usb_driver)
./libopencm3//lib/libopencm3_stm32f3.a(vector.o)
                              (vector_table)
./libopencm3//lib/libopencm3_stm32f3.a(scb.o)
                              main.o (scb_set_priority_grouping)
./libopencm3//lib/libopencm3_stm32f3.a(nvic.o)
                              cdc.o (nvic_enable_irq)
./libopencm3//lib/libopencm3_stm32f3.a(assert.o)
                              ./libopencm3//lib/libopencm3_stm32f3.a(rcc.o) (cm3_assert_failed)
./libopencm3//lib/libopencm3_stm32f3.a(st_usbfs_core.o)
                              ./libopencm3//lib/libopencm3_stm32f3.a(st_usbfs_v1.o) (st_usbfs_set_address)
/home/atx/build/gcc-arm-none-eabi-5_3-2016q1/bin/../lib/gcc/arm-none-eabi/5.3.1/../../../../arm-none-eabi/lib/armv7e-m/fpu/libc.a(lib_a-memcpy.o)
                              cdc.o (memcpy)
/home/atx/build/gcc-arm-none-eabi-5_3-2016q1/bin/../lib/gcc/arm-none-eabi/5.3.1/../../../../arm-none-eabi/lib/armv7e-m/fpu/libc.a(lib_a-memmove.o)
                              comm.o (memmove)
/home/atx/build/gcc-arm-none-eabi-5_3-2016q1/bin/../lib/gcc/arm-none-eabi/5.3.1/../../../../arm-none-eabi/lib/armv7e-m/fpu/libc.a(lib_a-strlen.o)
                              ./libopencm3//lib/libopencm3_stm32f3.a(usb_standard.o) (strlen)

Discarded input sections

 .group         0x00000000        0x8 bias.o
 .group         0x00000000        0x8 bias.o
 .group         0x00000000        0x8 bias.o
 .group         0x00000000        0x8 bias.o
 .group         0x00000000        0x8 bias.o
 .group         0x00000000        0x8 bias.o
 .group         0x00000000        0x8 bias.o
 .group         0x00000000        0x8 bias.o
 .group         0x00000000        0x8 bias.o
 .group         0x00000000        0x8 bias.o
 .group         0x00000000        0x8 bias.o
 .group         0x00000000        0x8 bias.o
 .group         0x00000000        0x8 bias.o
 .text          0x00000000        0x0 bias.o
 .data          0x00000000        0x0 bias.o
 .bss           0x00000000        0x0 bias.o
 .group         0x00000000        0x8 reset.o
 .text          0x00000000        0x0 reset.o
 .data          0x00000000        0x0 reset.o
 .bss           0x00000000        0x0 reset.o
 .bss.end       0x00000000        0x4 reset.o
 .debug_macro   0x00000000      0x88c reset.o
 .group         0x00000000        0x8 main.o
 .group         0x00000000        0x8 main.o
 .group         0x00000000        0x8 main.o
 .group         0x00000000        0x8 main.o
 .group         0x00000000        0x8 main.o
 .group         0x00000000        0x8 main.o
 .group         0x00000000        0x8 main.o
 .group         0x00000000        0x8 main.o
 .group         0x00000000        0x8 main.o
 .group         0x00000000        0x8 main.o
 .group         0x00000000        0x8 main.o
 .group         0x00000000        0x8 main.o
 .group         0x00000000        0x8 main.o
 .group         0x00000000        0x8 main.o
 .group         0x00000000        0x8 main.o
 .group         0x00000000        0x8 main.o
 .group         0x00000000        0x8 main.o
 .group         0x00000000        0x8 main.o
 .group         0x00000000        0x8 main.o
 .group         0x00000000        0x8 main.o
 .group         0x00000000        0x8 main.o
 .group         0x00000000        0x8 main.o
 .group         0x00000000        0x8 main.o
 .group         0x00000000        0x8 main.o
 .group         0x00000000        0x8 main.o
 .group         0x00000000        0x8 main.o
[...]
Memory Configuration

Name             Origin             Length             Attributes
flash            0x08000000         0x00010000         xr
ram              0x20000000         0x00004000         xrw
*default*        0x00000000         0xffffffff

Linker script and memory map

START GROUP
LOAD /home/atx/build/gcc-arm-none-eabi-5_3-2016q1/bin/../lib/gcc/arm-none-eabi/5.3.1/armv7e-m/fpu/libgcc.a
LOAD /home/atx/build/gcc-arm-none-eabi-5_3-2016q1/bin/../lib/gcc/arm-none-eabi/5.3.1/../../../../arm-none-eabi/lib/armv7e-m/fpu/libc.a
LOAD /home/atx/build/gcc-arm-none-eabi-5_3-2016q1/bin/../lib/gcc/arm-none-eabi/5.3.1/../../../../arm-none-eabi/lib/armv7e-m/fpu/libm.a
LOAD /home/atx/build/gcc-arm-none-eabi-5_3-2016q1/bin/../lib/gcc/arm-none-eabi/5.3.1/../../../../arm-none-eabi/lib/armv7e-m/fpu/librdimon.a
END GROUP
LOAD bias.o
LOAD reset.o
LOAD main.o
LOAD cdc.o
LOAD comm.o
LOAD acq.o
LOAD ./libopencm3//lib/libopencm3_stm32f3.a
START GROUP
LOAD /home/atx/build/gcc-arm-none-eabi-5_3-2016q1/bin/../lib/gcc/arm-none-eabi/5.3.1/../../../../arm-none-eabi/lib/armv7e-m/fpu/libc.a
LOAD /home/atx/build/gcc-arm-none-eabi-5_3-2016q1/bin/../lib/gcc/arm-none-eabi/5.3.1/armv7e-m/fpu/libgcc.a
END GROUP
START GROUP
LOAD /home/atx/build/gcc-arm-none-eabi-5_3-2016q1/bin/../lib/gcc/arm-none-eabi/5.3.1/armv7e-m/fpu/libgcc.a
LOAD /home/atx/build/gcc-arm-none-eabi-5_3-2016q1/bin/../lib/gcc/arm-none-eabi/5.3.1/../../../../arm-none-eabi/lib/armv7e-m/fpu/libc.a
END GROUP
START GROUP
LOAD /home/atx/build/gcc-arm-none-eabi-5_3-2016q1/bin/../lib/gcc/arm-none-eabi/5.3.1/armv7e-m/fpu/libgcc.a
LOAD /home/atx/build/gcc-arm-none-eabi-5_3-2016q1/bin/../lib/gcc/arm-none-eabi/5.3.1/../../../../arm-none-eabi/lib/armv7e-m/fpu/libc.a
LOAD /home/atx/build/gcc-arm-none-eabi-5_3-2016q1/bin/../lib/gcc/arm-none-eabi/5.3.1/../../../../arm-none-eabi/lib/armv7e-m/fpu/librdimon.a
END GROUP

.vectors        0x08000000      0x184
 *(.vectors)
 .vectors       0x08000000      0x184 ./libopencm3//lib/libopencm3_stm32f3.a(vector.o)
                0x08000000                vector_table

.text           0x080001c0     0x2384
                0x080001c0                _text_start = .
 *(.text)
 .text          0x080001c0      0x134 /home/atx/build/gcc-arm-none-eabi-5_3-2016q1/bin/../lib/gcc/arm-none-eabi/5.3.1/../../../../arm-none-eabi/lib/armv7e-m/fpu/libc.a(lib_a-memcpy.o)
                0x080001c0                memcpy
 *fill*         0x080002f4        0xc 
 .text          0x08000300       0xdc /home/atx/build/gcc-arm-none-eabi-5_3-2016q1/bin/../lib/gcc/arm-none-eabi/5.3.1/../../../../arm-none-eabi/lib/armv7e-m/fpu/libc.a(lib_a-strlen.o)
                0x08000300                strlen
 *(.text.*)
 *fill*         0x080003dc        0x4 
 .text.bias_enable
                0x080003e0       0x18 bias.o
                0x080003e0                bias_enable
 *fill*         0x080003f8        0x8 
 .text.bias_disable
                0x08000400       0x18 bias.o
                0x08000400                bias_disable
 *fill*         0x08000418        0x8 
 .text.bias_init
                0x08000420       0x1a bias.o
                0x08000420                bias_init
 *fill*         0x0800043a        0x6 
 .text.bias_isenabled
                0x08000440        0xc bias.o
                0x08000440                bias_isenabled
 *fill*         0x0800044c        0x4 
 .text.reset_handler
                0x08000450       0x48 reset.o
                0x08000450                reset_handler
 *fill*         0x08000498        0x8 
 .text.startup.main
                0x080004a0       0xc0 main.o
                0x080004a0                main
 .text.cdcacm_control_request
                0x08000560        0x4 cdc.o
 *fill*         0x08000564        0xc 
 .text.cdcacm_set_config
                0x08000570       0x4c cdc.o
 *fill*         0x080005bc        0x4 
 .text.cdcacm_data_rx_cb
                0x080005c0       0x1c cdc.o
 *fill*         0x080005dc        0x4 
 .text.usb_hp_can1_tx_isr
                0x080005e0        0xc cdc.o
                0x080005e0                usb_hp_can1_tx_isr
 *fill*         0x080005ec        0x4 
 .text.usb_lp_can1_rx0_isr
                0x080005f0        0xc cdc.o
                0x080005f0                usb_lp_can1_rx0_isr
 *fill*         0x080005fc        0x4 
 .text.cdc_flush
                0x08000600       0x24 cdc.o
                0x08000600                cdc_flush
 *fill*         0x08000624        0xc 
 .text.cdc_send
                0x08000630       0x68 cdc.o
                0x08000630                cdc_send
 *fill*         0x08000698        0x8 
 .text.cdc_init
                0x080006a0       0xb8 cdc.o
                0x080006a0                cdc_init
 *fill*         0x08000758        0x8 
 .text.comm_cb_nop
                0x08000760        0x4 comm.o
 *fill*         0x08000764        0xc 
 .text.comm_threshold_set
                0x08000770       0x14 comm.o
 *fill*         0x08000784        0xc 
 .text.comm_boolprop_set
                0x08000790        0xe comm.o
 *fill*         0x0800079e        0x2 
 .text.comm_cb_end
                0x080007a0        0xa comm.o
 *fill*         0x080007aa        0x6 
 .text.comm_cb_start
                0x080007b0        0xa comm.o
 *fill*         0x080007ba        0x6 
 .text.comm_send
                0x080007c0       0x24 comm.o
 *fill*         0x080007e4        0xc 
 .text.comm_boolprop_get
                0x080007f0       0x28 comm.o
 *fill*         0x08000818        0x8 
 .text.comm_threshold_get
                0x08000820       0x34 comm.o
 *fill*         0x08000854        0xc 
 .text.comm_get_fw
                0x08000860       0x2c comm.o
 *fill*         0x0800088c        0x4 
 .text.comm_send_error
                0x08000890       0x1c comm.o
 *fill*         0x080008ac        0x4 
 .text.comm_cb_set
                0x080008b0       0x6c comm.o
 *fill*         0x0800091c        0x4 
 .text.comm_cb_ping
                0x08000920       0x1a comm.o
 *fill*         0x0800093a        0x6 
 .text.comm_cb_get
                0x08000940       0x4c comm.o
 *fill*         0x0800098c        0x4 
 .text.comm_send_event
                0x08000990       0x26 comm.o
                0x08000990                comm_send_event
 *fill*         0x080009b6        0xa 
 .text.comm_push_rx
                0x080009c0       0xa0 comm.o
                0x080009c0                comm_push_rx
 .text.acq_init
                0x08000a60      0x140 acq.o
                0x08000a60                acq_init
 .text.acq_amp_isenabled
                0x08000ba0        0xc acq.o
                0x08000ba0                acq_amp_isenabled
 *fill*         0x08000bac        0x4 
 .text.acq_amp_enable
                0x08000bb0       0x14 acq.o
                0x08000bb0                acq_amp_enable
 *fill*         0x08000bc4        0xc 
 .text.acq_amp_disable
                0x08000bd0       0x14 acq.o
                0x08000bd0                acq_amp_disable
 *fill*         0x08000be4        0xc 
 .text.acq_start
                0x08000bf0       0x34 acq.o
                0x08000bf0                acq_start
 *fill*         0x08000c24        0xc 
 .text.acq_pause
                0x08000c30        0xc acq.o
                0x08000c30                acq_pause
 *fill*         0x08000c3c        0x4 
 .text.rcc_wait_for_osc_ready
                0x08000c40       0x4c ./libopencm3//lib/libopencm3_stm32f3.a(rcc.o)
                0x08000c40                rcc_wait_for_osc_ready
 *fill*         0x08000c8c        0x4 
 .text.rcc_osc_on
                0x08000c90       0x44 ./libopencm3//lib/libopencm3_stm32f3.a(rcc.o)
                0x08000c90                rcc_osc_on
 *fill*         0x08000cd4        0xc 
 .text.rcc_osc_bypass_enable
                0x08000ce0       0x28 ./libopencm3//lib/libopencm3_stm32f3.a(rcc.o)
                0x08000ce0                rcc_osc_bypass_enable
 *fill*         0x08000d08        0x8 
 .text.rcc_set_sysclk_source
                0x08000d10       0x14 ./libopencm3//lib/libopencm3_stm32f3.a(rcc.o)
                0x08000d10                rcc_set_sysclk_source
 *fill*         0x08000d24        0xc 
 .text.rcc_set_pll_source
                0x08000d30       0x14 ./libopencm3//lib/libopencm3_stm32f3.a(rcc.o)
                0x08000d30                rcc_set_pll_source
 *fill*         0x08000d44        0xc 
 .text.rcc_set_ppre2
                0x08000d50       0x14 ./libopencm3//lib/libopencm3_stm32f3.a(rcc.o)
                0x08000d50                rcc_set_ppre2
 *fill*         0x08000d64        0xc 
 .text.rcc_set_ppre1
                0x08000d70       0x14 ./libopencm3//lib/libopencm3_stm32f3.a(rcc.o)
                0x08000d70                rcc_set_ppre1
 *fill*         0x08000d84        0xc 
 .text.rcc_set_hpre
                0x08000d90       0x14 ./libopencm3//lib/libopencm3_stm32f3.a(rcc.o)
                0x08000d90                rcc_set_hpre
 *fill*         0x08000da4        0xc 
 .text.rcc_set_pll_multiplier
                0x08000db0       0x14 ./libopencm3//lib/libopencm3_stm32f3.a(rcc.o)
                0x08000db0                rcc_set_pll_multiplier
 *fill*         0x08000dc4        0xc 
 .text.rcc_usb_prescale_1_5
                0x08000dd0       0x10 ./libopencm3//lib/libopencm3_stm32f3.a(rcc.o)
                0x08000dd0                rcc_usb_prescale_1_5
 .text.desig_get_unique_id
                0x08000de0       0x20 ./libopencm3//lib/libopencm3_stm32f3.a(desig.o)
                0x08000de0                desig_get_unique_id
 .text.desig_get_unique_id_as_string
                0x08000e00       0x48 ./libopencm3//lib/libopencm3_stm32f3.a(desig.o)
                0x08000e00                desig_get_unique_id_as_string
 *fill*         0x08000e48        0x8 
 .text.gpio_set
                0x08000e50        0x4 ./libopencm3//lib/libopencm3_stm32f3.a(gpio_common_all.o)
                0x08000e50                gpio_set
 *fill*         0x08000e54        0xc 
 .text.gpio_clear
                0x08000e60        0x6 ./libopencm3//lib/libopencm3_stm32f3.a(gpio_common_all.o)
                0x08000e60                gpio_clear
 *fill*         0x08000e66        0xa 
 .text.gpio_mode_setup
                0x08000e70       0x44 ./libopencm3//lib/libopencm3_stm32f3.a(gpio_common_f0234.o)
                0x08000e70                gpio_mode_setup
 *fill*         0x08000eb4        0xc 
 .text.gpio_set_af
                0x08000ec0       0x58 ./libopencm3//lib/libopencm3_stm32f3.a(gpio_common_f0234.o)
                0x08000ec0                gpio_set_af
 *fill*         0x08000f18        0x8 
 .text.spi_reset
                0x08000f20       0x30 ./libopencm3//lib/libopencm3_stm32f3.a(spi_common_all.o)
                0x08000f20                spi_reset
 .text.spi_enable
                0x08000f50        0xa ./libopencm3//lib/libopencm3_stm32f3.a(spi_common_all.o)
                0x08000f50                spi_enable
 *fill*         0x08000f5a        0x6 
 .text.spi_disable
                0x08000f60        0xa ./libopencm3//lib/libopencm3_stm32f3.a(spi_common_all.o)
                0x08000f60                spi_disable
 *fill*         0x08000f6a        0x6 
 .text.spi_set_receive_only_mode
                0x08000f70        0xa ./libopencm3//lib/libopencm3_stm32f3.a(spi_common_all.o)
                0x08000f70                spi_set_receive_only_mode
 *fill*         0x08000f7a        0x6 
 .text.spi_enable_rx_buffer_not_empty_interrupt
                0x08000f80        0xa ./libopencm3//lib/libopencm3_stm32f3.a(spi_common_all.o)
                0x08000f80                spi_enable_rx_buffer_not_empty_interrupt
 *fill*         0x08000f8a        0x6 
 .text.spi_enable_rx_dma
                0x08000f90        0xa ./libopencm3//lib/libopencm3_stm32f3.a(spi_common_all.o)
                0x08000f90                spi_enable_rx_dma
 *fill*         0x08000f9a        0x6 
 .text.dma_channel_reset
                0x08000fa0       0x22 ./libopencm3//lib/libopencm3_stm32f3.a(dma_common_l1f013.o)
                0x08000fa0                dma_channel_reset
 *fill*         0x08000fc2        0xe 
 .text.dma_set_priority
                0x08000fd0       0x18 ./libopencm3//lib/libopencm3_stm32f3.a(dma_common_l1f013.o)
                0x08000fd0                dma_set_priority
 *fill*         0x08000fe8        0x8 
 .text.dma_set_memory_size
                0x08000ff0       0x18 ./libopencm3//lib/libopencm3_stm32f3.a(dma_common_l1f013.o)
                0x08000ff0                dma_set_memory_size
 *fill*         0x08001008        0x8 
 .text.dma_set_peripheral_size
                0x08001010       0x18 ./libopencm3//lib/libopencm3_stm32f3.a(dma_common_l1f013.o)
                0x08001010                dma_set_peripheral_size
 *fill*         0x08001028        0x8 
 .text.dma_enable_memory_increment_mode
                0x08001030       0x12 ./libopencm3//lib/libopencm3_stm32f3.a(dma_common_l1f013.o)
                0x08001030                dma_enable_memory_increment_mode
 *fill*         0x08001042        0xe 
 .text.dma_set_read_from_peripheral
                0x08001050       0x12 ./libopencm3//lib/libopencm3_stm32f3.a(dma_common_l1f013.o)
                0x08001050                dma_set_read_from_peripheral
 *fill*         0x08001062        0xe 
 .text.dma_enable_transfer_complete_interrupt
                0x08001070       0x12 ./libopencm3//lib/libopencm3_stm32f3.a(dma_common_l1f013.o)
                0x08001070                dma_enable_transfer_complete_interrupt
 *fill*         0x08001082        0xe 
 .text.dma_enable_channel
                0x08001090       0x12 ./libopencm3//lib/libopencm3_stm32f3.a(dma_common_l1f013.o)
                0x08001090                dma_enable_channel
 *fill*         0x080010a2        0xe 
 .text.dma_disable_channel
                0x080010b0       0x12 ./libopencm3//lib/libopencm3_stm32f3.a(dma_common_l1f013.o)
                0x080010b0                dma_disable_channel
 *fill*         0x080010c2        0xe 
 .text.dma_set_peripheral_address
                0x080010d0       0x12 ./libopencm3//lib/libopencm3_stm32f3.a(dma_common_l1f013.o)
                0x080010d0                dma_set_peripheral_address
 *fill*         0x080010e2        0xe 
 .text.dma_set_memory_address
                0x080010f0       0x12 ./libopencm3//lib/libopencm3_stm32f3.a(dma_common_l1f013.o)
                0x080010f0                dma_set_memory_address
 *fill*         0x08001102        0xe 
 .text.dma_set_number_of_data
                0x08001110        0xc ./libopencm3//lib/libopencm3_stm32f3.a(dma_common_l1f013.o)
                0x08001110                dma_set_number_of_data
 *fill*         0x0800111c        0x4 
 .text.flash_set_ws
                0x08001120       0x14 ./libopencm3//lib/libopencm3_stm32f3.a(flash_common_f234.o)
                0x08001120                flash_set_ws
 *fill*         0x08001134        0xc 
 .text.rcc_periph_clock_enable
                0x08001140       0x1c ./libopencm3//lib/libopencm3_stm32f3.a(rcc_common_all.o)
                0x08001140                rcc_periph_clock_enable
 *fill*         0x0800115c        0x4 
 .text.rcc_periph_reset_pulse
                0x08001160       0x26 ./libopencm3//lib/libopencm3_stm32f3.a(rcc_common_all.o)
                0x08001160                rcc_periph_reset_pulse
 *fill*         0x08001186        0xa 
 .text.spi_init_master
                0x08001190       0x22 ./libopencm3//lib/libopencm3_stm32f3.a(spi_common_f03.o)
                0x08001190                spi_init_master
 *fill*         0x080011b2        0xe 
 .text.spi_set_data_size
                0x080011c0       0x10 ./libopencm3//lib/libopencm3_stm32f3.a(spi_common_f03.o)
                0x080011c0                spi_set_data_size
 .text.spi_fifo_reception_threshold_16bit
                0x080011d0        0xa ./libopencm3//lib/libopencm3_stm32f3.a(spi_common_f03.o)
                0x080011d0                spi_fifo_reception_threshold_16bit
 *fill*         0x080011da        0x6 
 .text.usbd_init
                0x080011e0       0x58 ./libopencm3//lib/libopencm3_stm32f3.a(usb.o)
                0x080011e0                usbd_init
 *fill*         0x08001238        0x8 
 .text.usbd_poll
                0x08001240        0x8 ./libopencm3//lib/libopencm3_stm32f3.a(usb.o)
                0x08001240                usbd_poll
 *fill*         0x08001248        0x8 
 .text.usbd_ep_setup
                0x08001250       0x10 ./libopencm3//lib/libopencm3_stm32f3.a(usb.o)
                0x08001250                usbd_ep_setup
 .text._usbd_reset
                0x08001260       0x34 ./libopencm3//lib/libopencm3_stm32f3.a(usb.o)
                0x08001260                _usbd_reset
 *fill*         0x08001294        0xc 
 .text.usbd_ep_write_packet
                0x080012a0       0x10 ./libopencm3//lib/libopencm3_stm32f3.a(usb.o)
                0x080012a0                usbd_ep_write_packet
 .text.usbd_ep_read_packet
                0x080012b0       0x10 ./libopencm3//lib/libopencm3_stm32f3.a(usb.o)
                0x080012b0                usbd_ep_read_packet
 .text.usbd_ep_stall_set
                0x080012c0        0x8 ./libopencm3//lib/libopencm3_stm32f3.a(usb.o)
                0x080012c0                usbd_ep_stall_set
 *fill*         0x080012c8        0x8 
 .text.usbd_ep_stall_get
                0x080012d0        0x8 ./libopencm3//lib/libopencm3_stm32f3.a(usb.o)
                0x080012d0                usbd_ep_stall_get
 *fill*         0x080012d8        0x8 
 .text.stall_transaction
                0x080012e0       0x14 ./libopencm3//lib/libopencm3_stm32f3.a(usb_control.o)
 *fill*         0x080012f4        0xc 
 .text.usb_control_recv_chunk
                0x08001300       0x3c ./libopencm3//lib/libopencm3_stm32f3.a(usb_control.o)
 *fill*         0x0800133c        0x4 
 .text.usb_control_send_chunk
                0x08001340       0x56 ./libopencm3//lib/libopencm3_stm32f3.a(usb_control.o)
 *fill*         0x08001396        0xa 
 .text.usb_control_request_dispatch
                0x080013a0       0x62 ./libopencm3//lib/libopencm3_stm32f3.a(usb_control.o)
 *fill*         0x08001402        0xe 
 .text.usb_control_setup_read
                0x08001410       0x6a ./libopencm3//lib/libopencm3_stm32f3.a(usb_control.o)
 *fill*         0x0800147a        0x6 
 .text.usbd_register_control_callback
                0x08001480       0x26 ./libopencm3//lib/libopencm3_stm32f3.a(usb_control.o)
                0x08001480                usbd_register_control_callback
 *fill*         0x080014a6        0xa 
 .text._usbd_control_setup
                0x080014b0       0x5a ./libopencm3//lib/libopencm3_stm32f3.a(usb_control.o)
                0x080014b0                _usbd_control_setup
 *fill*         0x0800150a        0x6 
 .text._usbd_control_out
                0x08001510       0x86 ./libopencm3//lib/libopencm3_stm32f3.a(usb_control.o)
                0x08001510                _usbd_control_out
 *fill*         0x08001596        0xa 
 .text._usbd_control_in
                0x080015a0       0x56 ./libopencm3//lib/libopencm3_stm32f3.a(usb_control.o)
                0x080015a0                _usbd_control_in
 *fill*         0x080015f6        0xa 
 .text.usb_standard_set_configuration
                0x08001600       0x96 ./libopencm3//lib/libopencm3_stm32f3.a(usb_standard.o)
 *fill*         0x08001696        0xa 
 .text.usb_standard_get_configuration
                0x080016a0       0x22 ./libopencm3//lib/libopencm3_stm32f3.a(usb_standard.o)
 *fill*         0x080016c2        0xe 
 .text.usb_standard_get_interface
                0x080016d0       0x38 ./libopencm3//lib/libopencm3_stm32f3.a(usb_standard.o)
 *fill*         0x08001708        0x8 
 .text.usb_standard_interface_get_status
                0x08001710       0x18 ./libopencm3//lib/libopencm3_stm32f3.a(usb_standard.o)
 *fill*         0x08001728        0x8 
 .text.usb_standard_endpoint_get_status
                0x08001730       0x2a ./libopencm3//lib/libopencm3_stm32f3.a(usb_standard.o)
 *fill*         0x0800175a        0x6 
 .text.usb_standard_endpoint_stall
                0x08001760       0x10 ./libopencm3//lib/libopencm3_stm32f3.a(usb_standard.o)
 .text.usb_standard_endpoint_unstall
                0x08001770       0x10 ./libopencm3//lib/libopencm3_stm32f3.a(usb_standard.o)
 .text.usb_standard_set_address
                0x08001780       0x2a ./libopencm3//lib/libopencm3_stm32f3.a(usb_standard.o)
 *fill*         0x080017aa        0x6 
 .text.usb_standard_set_interface
                0x080017b0       0x4e ./libopencm3//lib/libopencm3_stm32f3.a(usb_standard.o)
 *fill*         0x080017fe        0x2 
 .text.usb_standard_get_descriptor
                0x08001800      0x25e ./libopencm3//lib/libopencm3_stm32f3.a(usb_standard.o)
 *fill*         0x08001a5e        0x2 
 .text.usb_standard_device_get_status
                0x08001a60       0x18 ./libopencm3//lib/libopencm3_stm32f3.a(usb_standard.o)
 *fill*         0x08001a78        0x8 
 .text.usbd_register_set_config_callback
                0x08001a80       0x24 ./libopencm3//lib/libopencm3_stm32f3.a(usb_standard.o)
                0x08001a80                usbd_register_set_config_callback
 *fill*         0x08001aa4        0xc 
 .text._usbd_standard_request_device
                0x08001ab0       0x20 ./libopencm3//lib/libopencm3_stm32f3.a(usb_standard.o)
                0x08001ab0                _usbd_standard_request_device
 .text._usbd_standard_request_interface
                0x08001ad0       0x20 ./libopencm3//lib/libopencm3_stm32f3.a(usb_standard.o)
                0x08001ad0                _usbd_standard_request_interface
 .text._usbd_standard_request_endpoint
                0x08001af0       0x40 ./libopencm3//lib/libopencm3_stm32f3.a(usb_standard.o)
                0x08001af0                _usbd_standard_request_endpoint
 .text._usbd_standard_request
                0x08001b30       0x38 ./libopencm3//lib/libopencm3_stm32f3.a(usb_standard.o)
                0x08001b30                _usbd_standard_request
 *fill*         0x08001b68        0x8 
 .text.st_usbfs_v1_usbd_init
                0x08001b70       0x30 ./libopencm3//lib/libopencm3_stm32f3.a(st_usbfs_v1.o)
 .text.st_usbfs_copy_to_pm
                0x08001ba0       0x1a ./libopencm3//lib/libopencm3_stm32f3.a(st_usbfs_v1.o)
                0x08001ba0                st_usbfs_copy_to_pm
 *fill*         0x08001bba        0x6 
 .text.st_usbfs_copy_from_pm
                0x08001bc0       0x2a ./libopencm3//lib/libopencm3_stm32f3.a(st_usbfs_v1.o)
                0x08001bc0                st_usbfs_copy_from_pm
 *fill*         0x08001bea        0x6 
 .text.blocking_handler
                0x08001bf0        0x2 ./libopencm3//lib/libopencm3_stm32f3.a(vector.o)
                0x08001bf0                usb_lp_isr
                0x08001bf0                i2c2_ev_exti24_isr
                0x08001bf0                usb_hp_isr
                0x08001bf0                tim7_isr
                0x08001bf0                reserved_12_isr
                0x08001bf0                adc1_2_isr
                0x08001bf0                reserved_11_isr
                0x08001bf0                reserved_7_isr
                0x08001bf0                reserved_13_isr
                0x08001bf0                blocking_handler
                0x08001bf0                rtc_wkup_isr
                0x08001bf0                tim1_up_tim16_isr
                0x08001bf0                spi1_isr
                0x08001bf0                dma1_channel6_isr
                0x08001bf0                reserved_5_isr
                0x08001bf0                dma1_channel5_isr
                0x08001bf0                dma2_channel5_isr
                0x08001bf0                tamp_stamp_isr
                0x08001bf0                can1_rx1_isr
                0x08001bf0                usage_fault_handler
                0x08001bf0                tim8_trg_com_isr
                0x08001bf0                i2c1_ev_exti23_isr
                0x08001bf0                tim1_trg_com_tim17_isr
                0x08001bf0                reserved_15_isr
                0x08001bf0                usb_wkup_isr
                0x08001bf0                can1_sce_isr
                0x08001bf0                reserved_3_isr
                0x08001bf0                tim1_cc_isr
                0x08001bf0                eth_isr
                0x08001bf0                reserved_14_isr
                0x08001bf0                dma1_channel4_isr
                0x08001bf0                tim8_brk_isr
                0x08001bf0                dma2_channel4_isr
                0x08001bf0                pvd_isr
                0x08001bf0                comp123_isr
                0x08001bf0                comp456_isr
                0x08001bf0                rcc_isr
                0x08001bf0                reserved_8_isr
                0x08001bf0                flash_isr
                0x08001bf0                rtc_alarm_isr
                0x08001bf0                reserved_2_isr
                0x08001bf0                exti15_10_isr
                0x08001bf0                hard_fault_handler
                0x08001bf0                exti1_isr
                0x08001bf0                dma2_channel1_isr
                0x08001bf0                spi2_isr
                0x08001bf0                reserved_9_isr
                0x08001bf0                nvic_wwdg_isr
                0x08001bf0                tim8_up_isr
                0x08001bf0                usart1_exti25_isr
                0x08001bf0                dma2_channel2_isr
                0x08001bf0                exti3_isr
                0x08001bf0                adc3_isr
                0x08001bf0                tim3_isr
                0x08001bf0                i2c2_er_isr
                0x08001bf0                reserved_1_isr
                0x08001bf0                dma1_channel1_isr
                0x08001bf0                exti4_isr
                0x08001bf0                tim6_dac_isr
                0x08001bf0                mem_manage_handler
                0x08001bf0                exti9_5_isr
                0x08001bf0                dma2_channel3_isr
                0x08001bf0                dma1_channel7_isr
                0x08001bf0                usart3_exti28_isr
                0x08001bf0                reserved_6_isr
                0x08001bf0                tim4_isr
                0x08001bf0                i2c1_er_isr
                0x08001bf0                tim8_cc_isr
                0x08001bf0                comp7_isr
                0x08001bf0                uart5_exti35_isr
                0x08001bf0                reserved_4_isr
                0x08001bf0                bus_fault_handler
                0x08001bf0                tim1_brk_tim15_isr
                0x08001bf0                dma1_channel3_isr
                0x08001bf0                uart4_exti34_isr
                0x08001bf0                usart2_exti26_isr
                0x08001bf0                spi3_isr
                0x08001bf0                reserved_10_isr
                0x08001bf0                tim2_isr
                0x08001bf0                reserved_16_isr
                0x08001bf0                exti2_tsc_isr
                0x08001bf0                usb_wkup_a_isr
                0x08001bf0                exti0_isr
 *fill*         0x08001bf2        0xe 
 .text.null_handler
                0x08001c00        0x2 ./libopencm3//lib/libopencm3_stm32f3.a(vector.o)
                0x08001c00                null_handler
                0x08001c00                sv_call_handler
                0x08001c00                pend_sv_handler
                0x08001c00                debug_monitor_handler
                0x08001c00                sys_tick_handler
                0x08001c00                nmi_handler
 *fill*         0x08001c02        0xe 
 .text.scb_set_priority_grouping
                0x08001c10       0x14 ./libopencm3//lib/libopencm3_stm32f3.a(scb.o)
                0x08001c10                scb_set_priority_grouping
 *fill*         0x08001c24        0xc 
 .text.nvic_enable_irq
                0x08001c30       0x1c ./libopencm3//lib/libopencm3_stm32f3.a(nvic.o)
                0x08001c30                nvic_enable_irq
 *fill*         0x08001c4c        0x4 
 .text.nvic_set_priority
                0x08001c50       0x20 ./libopencm3//lib/libopencm3_stm32f3.a(nvic.o)
                0x08001c50                nvic_set_priority
 .text.st_usbfs_set_address
                0x08001c70       0x10 ./libopencm3//lib/libopencm3_stm32f3.a(st_usbfs_core.o)
                0x08001c70                st_usbfs_set_address
 .text.st_usbfs_set_ep_rx_bufsize
                0x08001c80       0x40 ./libopencm3//lib/libopencm3_stm32f3.a(st_usbfs_core.o)
                0x08001c80                st_usbfs_set_ep_rx_bufsize
 .text.st_usbfs_ep_setup
                0x08001cc0      0x140 ./libopencm3//lib/libopencm3_stm32f3.a(st_usbfs_core.o)
                0x08001cc0                st_usbfs_ep_setup
 .text.st_usbfs_endpoints_reset
                0x08001e00       0x44 ./libopencm3//lib/libopencm3_stm32f3.a(st_usbfs_core.o)
                0x08001e00                st_usbfs_endpoints_reset
 *fill*         0x08001e44        0xc 
 .text.st_usbfs_ep_stall_set
                0x08001e50       0xe4 ./libopencm3//lib/libopencm3_stm32f3.a(st_usbfs_core.o)
                0x08001e50                st_usbfs_ep_stall_set
 *fill*         0x08001f34        0xc 
 .text.st_usbfs_ep_stall_get
                0x08001f40       0x38 ./libopencm3//lib/libopencm3_stm32f3.a(st_usbfs_core.o)
                0x08001f40                st_usbfs_ep_stall_get
 *fill*         0x08001f78        0x8 
 .text.st_usbfs_ep_nak_set
                0x08001f80       0x5c ./libopencm3//lib/libopencm3_stm32f3.a(st_usbfs_core.o)
                0x08001f80                st_usbfs_ep_nak_set
 *fill*         0x08001fdc        0x4 
 .text.st_usbfs_ep_write_packet
                0x08001fe0       0x88 ./libopencm3//lib/libopencm3_stm32f3.a(st_usbfs_core.o)
                0x08001fe0                st_usbfs_ep_write_packet
 *fill*         0x08002068        0x8 
 .text.st_usbfs_ep_read_packet
                0x08002070       0xb4 ./libopencm3//lib/libopencm3_stm32f3.a(st_usbfs_core.o)
                0x08002070                st_usbfs_ep_read_packet
 *fill*         0x08002124        0xc 
 .text.st_usbfs_poll
                0x08002130       0xe8 ./libopencm3//lib/libopencm3_stm32f3.a(st_usbfs_core.o)
                0x08002130                st_usbfs_poll
 *fill*         0x08002218        0x8 
 .text.memmove  0x08002220       0xc8 /home/atx/build/gcc-arm-none-eabi-5_3-2016q1/bin/../lib/gcc/arm-none-eabi/5.3.1/../../../../arm-none-eabi/lib/armv7e-m/fpu/libc.a(lib_a-memmove.o)
                0x08002220                memmove
 *(.rodata)
 *fill*         0x080022e8        0x8 
 .rodata        0x080022f0        0x8 ./libopencm3//lib/libopencm3_stm32f3.a(st_usbfs_core.o)
 *(.rodata.*)
 *fill*         0x080022f8        0x8 
 .rodata.dev    0x08002300       0x12 cdc.o
 *fill*         0x08002312        0xe 
 .rodata.data_iface
                0x08002320       0x15 cdc.o
 *fill*         0x08002335        0xb 
 .rodata.config
                0x08002340        0xd cdc.o
 *fill*         0x0800234d        0x3 
 .rodata.ifaces
                0x08002350       0x20 cdc.o
 .rodata.data_endp
                0x08002370       0x1e cdc.o
 *fill*         0x0800238e        0x2 
 .rodata.comm_iface
                0x08002390       0x15 cdc.o
 *fill*         0x080023a5        0xb 
 .rodata.usb_string_product
                0x080023b0       0x1f cdc.o
 *fill*         0x080023cf        0x1 
 .rodata.comm_endp
                0x080023d0        0xf cdc.o
 *fill*         0x080023df        0x1 
 .rodata.cdcacm_functional_descriptors
                0x080023e0       0x13 cdc.o
 *fill*         0x080023f3        0xd 
 .rodata.usb_string_manufacturer
                0x08002400        0x9 cdc.o
 *fill*         0x08002409        0x7 
 .rodata.propvars
                0x08002410       0x50 comm.o
 .rodata.callbacks
                0x08002460       0x30 comm.o
 .rodata.chars.4231
                0x08002490       0x11 ./libopencm3//lib/libopencm3_stm32f3.a(desig.o)
 *fill*         0x080024a1        0xf 
 .rodata.CSWTCH.24
                0x080024b0       0x28 ./libopencm3//lib/libopencm3_stm32f3.a(usb_standard.o)
 *fill*         0x080024d8        0x8 
 .rodata.CSWTCH.26
                0x080024e0       0x30 ./libopencm3//lib/libopencm3_stm32f3.a(usb_standard.o)
 .rodata.st_usbfs_v1_usb_driver
                0x08002510       0x34 ./libopencm3//lib/libopencm3_stm32f3.a(st_usbfs_v1.o)
                0x08002510                st_usbfs_v1_usb_driver
 *(.gcc*)
                0x08002544                _text_end = .
                0x08002544                _data_flash_start = _text_end

.glue_7         0x08002544        0x0
 .glue_7        0x08002544        0x0 linker stubs

.glue_7t        0x08002544        0x0
 .glue_7t       0x08002544        0x0 linker stubs

.vfp11_veneer   0x08002544        0x0
 .vfp11_veneer  0x08002544        0x0 linker stubs

.v4_bx          0x08002544        0x0
 .v4_bx         0x08002544        0x0 linker stubs

.iplt           0x08002544        0x0
 .iplt          0x08002544        0x0 bias.o

.rel.dyn        0x08002544        0x0
 .rel.iplt      0x08002544        0x0 bias.o

.stack          0x20000000      0x400
                0x20000000                _stack_start = .
 *(.stack)
 .stack         0x20000000      0x400 reset.o
                0x20000400                _stack = .

.data           0x20000400      0x924 load address 0x08002544
                0x20000400                _data_start = .
 *(.data)
 *(.data.*)
 .data.usb_string_serno
                0x20000400       0x19 cdc.o
 *fill*         0x20000419        0x3 
 .data.usb_strings
                0x2000041c        0xc cdc.o
 .data.boolprop_bias
                0x20000428        0xc comm.o
 .data.boolprop_amp
                0x20000434        0xc comm.o
 .data.acq_channel
                0x20000440      0x7d6 acq.o
                0x20000440                acq_channel
 *fill*         0x20000c16        0x2 
 .data.rcc_ahb_frequency
                0x20000c18        0x4 ./libopencm3//lib/libopencm3_stm32f3.a(rcc.o)
                0x20000c18                rcc_ahb_frequency
 .data.rcc_apb1_frequency
                0x20000c1c        0x4 ./libopencm3//lib/libopencm3_stm32f3.a(rcc.o)
                0x20000c1c                rcc_apb1_frequency
 .data.rcc_apb2_frequency
                0x20000c20        0x4 ./libopencm3//lib/libopencm3_stm32f3.a(rcc.o)
                0x20000c20                rcc_apb2_frequency
 *(.ramtext)
 *(.ramfuncs)
 .ramfuncs      0x20000c24       0xb0 acq.o
                0x20000c24                dma1_channel2_isr
 .ramfuncs.__stub
                0x20000cd4       0x50 linker stubs
                0x20000d24                _data_end = .

.igot.plt       0x20000d24        0x0 load address 0x08002e68
 .igot.plt      0x20000d24        0x0 bias.o

.bss            0x20000d24      0x21c load address 0x08002e68
                0x20000d24                _bss_start = .
 *(.bss)
 *(.bss.*)
 .bss.bias_enabled
                0x20000d24        0x1 bias.o
 *fill*         0x20000d25        0x3 
 .bss.usbd_dev  0x20000d28        0x4 cdc.o
 .bss.tx_buffer
                0x20000d2c       0x40 cdc.o
 .bss.usb_control_buffer
                0x20000d6c       0x80 cdc.o
 .bss.tx_buffer_cnt
                0x20000dec        0x4 cdc.o
 .bss.comm_missed
                0x20000df0        0x4 comm.o
                0x20000df0                comm_missed
 .bss.buff_len.4706
                0x20000df4        0x4 comm.o
 .bss.buff.4705
                0x20000df8       0x40 comm.o
 .bss.acq_amp_enabled
                0x20000e38        0x1 acq.o
 *fill*         0x20000e39        0x3 
 .bss.st_usbfs_force_nak
                0x20000e3c        0x8 ./libopencm3//lib/libopencm3_stm32f3.a(st_usbfs_core.o)
                0x20000e3c                st_usbfs_force_nak
 .bss.st_usbfs_dev
                0x20000e44       0xfc ./libopencm3//lib/libopencm3_stm32f3.a(st_usbfs_core.o)
                0x20000e44                st_usbfs_dev
 *(COMMON)
                0x20000f40                _bss_end = .
OUTPUT(spectrometer.elf elf32-littlearm)

.debug_info     0x00000000     0xa3b1
 .debug_info    0x00000000      0x160 bias.o
 .debug_info    0x00000160       0xf2 reset.o
 .debug_info    0x00000252      0x55b main.o
 .debug_info    0x000007ad      0xdb6 cdc.o
 .debug_info    0x00001563      0xb09 comm.o
 .debug_info    0x0000206c      0xa60 acq.o
 .debug_info    0x00002acc      0x88d ./libopencm3//lib/libopencm3_stm32f3.a(rcc.o)
 .debug_info    0x00003359      0x1ab ./libopencm3//lib/libopencm3_stm32f3.a(desig.o)
 .debug_info    0x00003504      0x22c ./libopencm3//lib/libopencm3_stm32f3.a(gpio_common_all.o)
 .debug_info    0x00003730      0x1eb ./libopencm3//lib/libopencm3_stm32f3.a(gpio_common_f0234.o)
 .debug_info    0x0000391b      0x966 ./libopencm3//lib/libopencm3_stm32f3.a(spi_common_all.o)
 .debug_info    0x00004281      0x681 ./libopencm3//lib/libopencm3_stm32f3.a(dma_common_l1f013.o)
 .debug_info    0x00004902      0x11f ./libopencm3//lib/libopencm3_stm32f3.a(flash_common_f234.o)
 .debug_info    0x00004a21      0x534 ./libopencm3//lib/libopencm3_stm32f3.a(rcc_common_all.o)
 .debug_info    0x00004f55      0x268 ./libopencm3//lib/libopencm3_stm32f3.a(spi_common_f03.o)
 .debug_info    0x000051bd      0xdb1 ./libopencm3//lib/libopencm3_stm32f3.a(usb.o)
 .debug_info    0x00005f6e      0xed8 ./libopencm3//lib/libopencm3_stm32f3.a(usb_control.o)
 .debug_info    0x00006e46     0x1449 ./libopencm3//lib/libopencm3_stm32f3.a(usb_standard.o)
 .debug_info    0x0000828f      0xc4c ./libopencm3//lib/libopencm3_stm32f3.a(st_usbfs_v1.o)
 .debug_info    0x00008edb      0x2b7 ./libopencm3//lib/libopencm3_stm32f3.a(vector.o)
 .debug_info    0x00009192       0xde ./libopencm3//lib/libopencm3_stm32f3.a(scb.o)
 .debug_info    0x00009270      0x214 ./libopencm3//lib/libopencm3_stm32f3.a(nvic.o)
 .debug_info    0x00009484      0xf2d ./libopencm3//lib/libopencm3_stm32f3.a(st_usbfs_core.o)

.debug_abbrev   0x00000000     0x25ec
 .debug_abbrev  0x00000000       0xc3 bias.o
 .debug_abbrev  0x000000c3       0xcc reset.o
 .debug_abbrev  0x0000018f      0x14a main.o
 .debug_abbrev  0x000002d9      0x2e5 cdc.o
 .debug_abbrev  0x000005be      0x3ca comm.o
 .debug_abbrev  0x00000988      0x223 acq.o
 .debug_abbrev  0x00000bab      0x2ae ./libopencm3//lib/libopencm3_stm32f3.a(rcc.o)
 .debug_abbrev  0x00000e59       0xf2 ./libopencm3//lib/libopencm3_stm32f3.a(desig.o)
 .debug_abbrev  0x00000f4b      0x10e ./libopencm3//lib/libopencm3_stm32f3.a(gpio_common_all.o)
 .debug_abbrev  0x00001059       0xb7 ./libopencm3//lib/libopencm3_stm32f3.a(gpio_common_f0234.o)
 .debug_abbrev  0x00001110      0x1aa ./libopencm3//lib/libopencm3_stm32f3.a(spi_common_all.o)
 .debug_abbrev  0x000012ba      0x11a ./libopencm3//lib/libopencm3_stm32f3.a(dma_common_l1f013.o)
 .debug_abbrev  0x000013d4       0x8a ./libopencm3//lib/libopencm3_stm32f3.a(flash_common_f234.o)
 .debug_abbrev  0x0000145e      0x105 ./libopencm3//lib/libopencm3_stm32f3.a(rcc_common_all.o)
 .debug_abbrev  0x00001563       0xd3 ./libopencm3//lib/libopencm3_stm32f3.a(spi_common_f03.o)
 .debug_abbrev  0x00001636      0x1f2 ./libopencm3//lib/libopencm3_stm32f3.a(usb.o)
 .debug_abbrev  0x00001828      0x317 ./libopencm3//lib/libopencm3_stm32f3.a(usb_control.o)
 .debug_abbrev  0x00001b3f      0x3da ./libopencm3//lib/libopencm3_stm32f3.a(usb_standard.o)
 .debug_abbrev  0x00001f19      0x1e5 ./libopencm3//lib/libopencm3_stm32f3.a(st_usbfs_v1.o)
 .debug_abbrev  0x000020fe      0x155 ./libopencm3//lib/libopencm3_stm32f3.a(vector.o)
 .debug_abbrev  0x00002253       0x7c ./libopencm3//lib/libopencm3_stm32f3.a(scb.o)
 .debug_abbrev  0x000022cf       0xa6 ./libopencm3//lib/libopencm3_stm32f3.a(nvic.o)
 .debug_abbrev  0x00002375      0x277 ./libopencm3//lib/libopencm3_stm32f3.a(st_usbfs_core.o)

.debug_aranges  0x00000000      0x9a8
 .debug_aranges
                0x00000000       0x38 bias.o
 .debug_aranges
                0x00000038       0x20 reset.o
 .debug_aranges
                0x00000058       0x20 main.o
 .debug_aranges
                0x00000078       0x50 cdc.o
 .debug_aranges
                0x000000c8       0x98 comm.o
 .debug_aranges
                0x00000160       0x50 acq.o
 .debug_aranges
                0x000001b0      0x110 ./libopencm3//lib/libopencm3_stm32f3.a(rcc.o)
 .debug_aranges
                0x000002c0       0x30 ./libopencm3//lib/libopencm3_stm32f3.a(desig.o)
 .debug_aranges
                0x000002f0       0x50 ./libopencm3//lib/libopencm3_stm32f3.a(gpio_common_all.o)
 .debug_aranges
                0x00000340       0x30 ./libopencm3//lib/libopencm3_stm32f3.a(gpio_common_f0234.o)
 .debug_aranges
                0x00000370      0x178 ./libopencm3//lib/libopencm3_stm32f3.a(spi_common_all.o)
 .debug_aranges
                0x000004e8       0xe0 ./libopencm3//lib/libopencm3_stm32f3.a(dma_common_l1f013.o)
 .debug_aranges
                0x000005c8       0x50 ./libopencm3//lib/libopencm3_stm32f3.a(flash_common_f234.o)
 .debug_aranges
                0x00000618       0x58 ./libopencm3//lib/libopencm3_stm32f3.a(rcc_common_all.o)
 .debug_aranges
                0x00000670       0x60 ./libopencm3//lib/libopencm3_stm32f3.a(spi_common_f03.o)
 .debug_aranges
                0x000006d0       0x88 ./libopencm3//lib/libopencm3_stm32f3.a(usb.o)
 .debug_aranges
                0x00000758       0x60 ./libopencm3//lib/libopencm3_stm32f3.a(usb_control.o)
 .debug_aranges
                0x000007b8       0x98 ./libopencm3//lib/libopencm3_stm32f3.a(usb_standard.o)
 .debug_aranges
                0x00000850       0x30 ./libopencm3//lib/libopencm3_stm32f3.a(st_usbfs_v1.o)
 .debug_aranges
                0x00000880       0x30 ./libopencm3//lib/libopencm3_stm32f3.a(vector.o)
 .debug_aranges
                0x000008b0       0x30 ./libopencm3//lib/libopencm3_stm32f3.a(scb.o)
 .debug_aranges
                0x000008e0       0x60 ./libopencm3//lib/libopencm3_stm32f3.a(nvic.o)
 .debug_aranges
                0x00000940       0x68 ./libopencm3//lib/libopencm3_stm32f3.a(st_usbfs_core.o)

.debug_ranges   0x00000000      0x9e8
 .debug_ranges  0x00000000       0x28 bias.o
 .debug_ranges  0x00000028       0x10 reset.o
 .debug_ranges  0x00000038       0x28 main.o
 .debug_ranges  0x00000060       0x58 cdc.o
 .debug_ranges  0x000000b8       0x88 comm.o
 .debug_ranges  0x00000140       0xd8 acq.o
 .debug_ranges  0x00000218      0x100 ./libopencm3//lib/libopencm3_stm32f3.a(rcc.o)
 .debug_ranges  0x00000318       0x20 ./libopencm3//lib/libopencm3_stm32f3.a(desig.o)
 .debug_ranges  0x00000338       0x40 ./libopencm3//lib/libopencm3_stm32f3.a(gpio_common_all.o)
 .debug_ranges  0x00000378       0x20 ./libopencm3//lib/libopencm3_stm32f3.a(gpio_common_f0234.o)
 .debug_ranges  0x00000398      0x168 ./libopencm3//lib/libopencm3_stm32f3.a(spi_common_all.o)
 .debug_ranges  0x00000500       0xd0 ./libopencm3//lib/libopencm3_stm32f3.a(dma_common_l1f013.o)
 .debug_ranges  0x000005d0       0x40 ./libopencm3//lib/libopencm3_stm32f3.a(flash_common_f234.o)
 .debug_ranges  0x00000610       0x48 ./libopencm3//lib/libopencm3_stm32f3.a(rcc_common_all.o)
 .debug_ranges  0x00000658       0x50 ./libopencm3//lib/libopencm3_stm32f3.a(spi_common_f03.o)
 .debug_ranges  0x000006a8       0x78 ./libopencm3//lib/libopencm3_stm32f3.a(usb.o)
 .debug_ranges  0x00000720       0x68 ./libopencm3//lib/libopencm3_stm32f3.a(usb_control.o)
 .debug_ranges  0x00000788       0xe0 ./libopencm3//lib/libopencm3_stm32f3.a(usb_standard.o)
 .debug_ranges  0x00000868       0x20 ./libopencm3//lib/libopencm3_stm32f3.a(st_usbfs_v1.o)
 .debug_ranges  0x00000888       0x20 ./libopencm3//lib/libopencm3_stm32f3.a(vector.o)
 .debug_ranges  0x000008a8       0x20 ./libopencm3//lib/libopencm3_stm32f3.a(scb.o)
 .debug_ranges  0x000008c8       0x50 ./libopencm3//lib/libopencm3_stm32f3.a(nvic.o)
 .debug_ranges  0x00000918       0xd0 ./libopencm3//lib/libopencm3_stm32f3.a(st_usbfs_core.o)

.debug_macro    0x00000000     0x73dd
 .debug_macro   0x00000000       0xd9 bias.o
 .debug_macro   0x000000d9      0x88c bias.o
 .debug_macro   0x00000965       0x22 bias.o
 .debug_macro   0x00000987       0x22 bias.o
 .debug_macro   0x000009a9       0x87 bias.o
 .debug_macro   0x00000a30       0x44 bias.o
 .debug_macro   0x00000a74       0xfd bias.o
 .debug_macro   0x00000b71       0x22 bias.o
 .debug_macro   0x00000b93      0x1df bias.o
 .debug_macro   0x00000d72       0xfa bias.o
 .debug_macro   0x00000e6c       0x58 bias.o
 .debug_macro   0x00000ec4      0x18a bias.o
 .debug_macro   0x0000104e       0x76 bias.o
 .debug_macro   0x000010c4      0x2e6 bias.o
 .debug_macro   0x000013aa       0x11 reset.o
 .debug_macro   0x000013bb      0x305 main.o
 .debug_macro   0x000016c0       0x4c main.o
 .debug_macro   0x0000170c       0x8d main.o
 .debug_macro   0x00001799       0x35 main.o
 .debug_macro   0x000017ce       0x9c main.o
 .debug_macro   0x0000186a       0x16 main.o
 .debug_macro   0x00001880      0x10e main.o
 .debug_macro   0x0000198e       0x8d main.o
 .debug_macro   0x00001a1b       0x4a main.o
 .debug_macro   0x00001a65       0x52 main.o
 .debug_macro   0x00001ab7       0x16 main.o
 .debug_macro   0x00001acd       0x43 main.o
 .debug_macro   0x00001b10      0x187 main.o
 .debug_macro   0x00001c97      0x30d main.o
 .debug_macro   0x00001fa4       0x16 main.o
 .debug_macro   0x00001fba       0x29 main.o
 .debug_macro   0x00001fe3       0x1c main.o
 .debug_macro   0x00001fff       0x35 main.o
 .debug_macro   0x00002034       0x10 main.o
 .debug_macro   0x00002044       0x22 main.o
 .debug_macro   0x00002066       0x3a main.o
 .debug_macro   0x000020a0       0x10 main.o
 .debug_macro   0x000020b0       0x40 main.o
 .debug_macro   0x000020f0       0x6c main.o
 .debug_macro   0x0000215c       0x16 main.o
 .debug_macro   0x00002172      0x182 main.o
 .debug_macro   0x000022f4      0x3a1 main.o
 .debug_macro   0x00002695       0x6a main.o
 .debug_macro   0x000026ff      0x1f0 main.o
 .debug_macro   0x000028ef       0x6a main.o
 .debug_macro   0x00002959       0x1f main.o
 .debug_macro   0x00002978      0x73b main.o
 .debug_macro   0x000030b3      0x190 main.o
 .debug_macro   0x00003243      0x182 main.o
 .debug_macro   0x000033c5      0x1a6 main.o
 .debug_macro   0x0000356b      0x586 main.o
 .debug_macro   0x00003af1      0x19c main.o
 .debug_macro   0x00003c8d       0x10 main.o
 .debug_macro   0x00003c9d       0x65 main.o
 .debug_macro   0x00003d02       0x3a main.o
 .debug_macro   0x00003d3c       0x64 main.o
 .debug_macro   0x00003da0       0x88 main.o
 .debug_macro   0x00003e28       0x10 main.o
 .debug_macro   0x00003e38       0x10 main.o
 .debug_macro   0x00003e48      0x2ce cdc.o
 .debug_macro   0x00004116       0x16 cdc.o
 .debug_macro   0x0000412c       0x64 cdc.o
 .debug_macro   0x00004190       0x8e cdc.o
 .debug_macro   0x0000421e       0x2e cdc.o
 .debug_macro   0x0000424c      0x4df cdc.o
 .debug_macro   0x0000472b       0x10 cdc.o
 .debug_macro   0x0000473b       0x3a cdc.o
 .debug_macro   0x00004775      0x298 cdc.o
 .debug_macro   0x00004a0d       0x28 cdc.o
 .debug_macro   0x00004a35       0x40 cdc.o
 .debug_macro   0x00004a75       0x16 cdc.o
 .debug_macro   0x00004a8b      0x187 comm.o
 .debug_macro   0x00004c12      0x174 comm.o
 .debug_macro   0x00004d86       0x25 comm.o
 .debug_macro   0x00004dab      0x118 comm.o
 .debug_macro   0x00004ec3       0x10 comm.o
 .debug_macro   0x00004ed3      0x28c acq.o
 .debug_macro   0x0000515f      0x4f5 acq.o
 .debug_macro   0x00005654      0x2eb acq.o
 .debug_macro   0x0000593f       0xca acq.o
 .debug_macro   0x00005a09       0xed ./libopencm3//lib/libopencm3_stm32f3.a(rcc.o)
 .debug_macro   0x00005af6       0x16 ./libopencm3//lib/libopencm3_stm32f3.a(rcc.o)
 .debug_macro   0x00005b0c      0x3c9 ./libopencm3//lib/libopencm3_stm32f3.a(rcc.o)
 .debug_macro   0x00005ed5       0xad ./libopencm3//lib/libopencm3_stm32f3.a(desig.o)
 .debug_macro   0x00005f82       0xc3 ./libopencm3//lib/libopencm3_stm32f3.a(gpio_common_all.o)
 .debug_macro   0x00006045       0xc3 ./libopencm3//lib/libopencm3_stm32f3.a(gpio_common_f0234.o)
 .debug_macro   0x00006108       0xdb ./libopencm3//lib/libopencm3_stm32f3.a(spi_common_all.o)
 .debug_macro   0x000061e3       0xb4 ./libopencm3//lib/libopencm3_stm32f3.a(dma_common_l1f013.o)
 .debug_macro   0x00006297       0xb9 ./libopencm3//lib/libopencm3_stm32f3.a(flash_common_f234.o)
 .debug_macro   0x00006350       0xcf ./libopencm3//lib/libopencm3_stm32f3.a(rcc_common_all.o)
 .debug_macro   0x0000641f       0xdb ./libopencm3//lib/libopencm3_stm32f3.a(spi_common_f03.o)
 .debug_macro   0x000064fa      0x144 ./libopencm3//lib/libopencm3_stm32f3.a(usb.o)
 .debug_macro   0x0000663e      0x196 ./libopencm3//lib/libopencm3_stm32f3.a(usb.o)
 .debug_macro   0x000067d4       0x1c ./libopencm3//lib/libopencm3_stm32f3.a(usb.o)
 .debug_macro   0x000067f0      0x15b ./libopencm3//lib/libopencm3_stm32f3.a(usb_control.o)
 .debug_macro   0x0000694b      0x144 ./libopencm3//lib/libopencm3_stm32f3.a(usb_standard.o)
 .debug_macro   0x00006a8f      0x10e ./libopencm3//lib/libopencm3_stm32f3.a(st_usbfs_v1.o)
 .debug_macro   0x00006b9d      0x29e ./libopencm3//lib/libopencm3_stm32f3.a(st_usbfs_v1.o)
 .debug_macro   0x00006e3b       0x10 ./libopencm3//lib/libopencm3_stm32f3.a(st_usbfs_v1.o)
 .debug_macro   0x00006e4b       0xd4 ./libopencm3//lib/libopencm3_stm32f3.a(vector.o)
 .debug_macro   0x00006f1f      0x14c ./libopencm3//lib/libopencm3_stm32f3.a(scb.o)
 .debug_macro   0x0000706b       0xb4 ./libopencm3//lib/libopencm3_stm32f3.a(nvic.o)
 .debug_macro   0x0000711f      0x1b0 ./libopencm3//lib/libopencm3_stm32f3.a(nvic.o)
 .debug_macro   0x000072cf      0x10e ./libopencm3//lib/libopencm3_stm32f3.a(st_usbfs_core.o)

.debug_line     0x00000000     0x5da6
 .debug_line    0x00000000      0x331 bias.o
 .debug_line    0x00000331       0x3f reset.o
 .debug_line    0x00000370      0x5c5 main.o
 .debug_line    0x00000935      0x611 cdc.o
 .debug_line    0x00000f46      0x4b7 comm.o
 .debug_line    0x000013fd      0x5aa acq.o
 .debug_line    0x000019a7      0x5a2 ./libopencm3//lib/libopencm3_stm32f3.a(rcc.o)
 .debug_line    0x00001f49      0x2cb ./libopencm3//lib/libopencm3_stm32f3.a(desig.o)
 .debug_line    0x00002214      0x360 ./libopencm3//lib/libopencm3_stm32f3.a(gpio_common_all.o)
 .debug_line    0x00002574      0x352 ./libopencm3//lib/libopencm3_stm32f3.a(gpio_common_f0234.o)
 .debug_line    0x000028c6      0x622 ./libopencm3//lib/libopencm3_stm32f3.a(spi_common_all.o)
 .debug_line    0x00002ee8      0x481 ./libopencm3//lib/libopencm3_stm32f3.a(dma_common_l1f013.o)
 .debug_line    0x00003369      0x352 ./libopencm3//lib/libopencm3_stm32f3.a(flash_common_f234.o)
 .debug_line    0x000036bb      0x34f ./libopencm3//lib/libopencm3_stm32f3.a(rcc_common_all.o)
 .debug_line    0x00003a0a      0x3b2 ./libopencm3//lib/libopencm3_stm32f3.a(spi_common_f03.o)
 .debug_line    0x00003dbc      0x3dc ./libopencm3//lib/libopencm3_stm32f3.a(usb.o)
 .debug_line    0x00004198      0x41d ./libopencm3//lib/libopencm3_stm32f3.a(usb_control.o)
 .debug_line    0x000045b5      0x550 ./libopencm3//lib/libopencm3_stm32f3.a(usb_standard.o)
 .debug_line    0x00004b05      0x3db ./libopencm3//lib/libopencm3_stm32f3.a(st_usbfs_v1.o)
 .debug_line    0x00004ee0      0x379 ./libopencm3//lib/libopencm3_stm32f3.a(vector.o)
 .debug_line    0x00005259      0x2d7 ./libopencm3//lib/libopencm3_stm32f3.a(scb.o)
 .debug_line    0x00005530      0x31a ./libopencm3//lib/libopencm3_stm32f3.a(nvic.o)
 .debug_line    0x0000584a      0x55c ./libopencm3//lib/libopencm3_stm32f3.a(st_usbfs_core.o)

.debug_str      0x00000000    0x1af77
 .debug_str     0x00000000     0x4ee8 bias.o
                               0x5066 (size before relaxing)
 .debug_str     0x00004ee8       0x60 reset.o
                               0x254b (size before relaxing)
 .debug_str     0x00004f48     0xaf4d main.o
                               0xffe8 (size before relaxing)
 .debug_str     0x0000fe95     0x38e8 cdc.o
                              0x10c76 (size before relaxing)
 .debug_str     0x0001377d      0x606 comm.o
                               0x658a (size before relaxing)
 .debug_str     0x00013d83     0x3058 acq.o
                               0xde42 (size before relaxing)
 .debug_str     0x00016ddb     0x14cc ./libopencm3//lib/libopencm3_stm32f3.a(rcc.o)
                               0x7b15 (size before relaxing)
 .debug_str     0x000182a7       0x56 ./libopencm3//lib/libopencm3_stm32f3.a(desig.o)
                               0x4390 (size before relaxing)
 .debug_str     0x000182fd       0x75 ./libopencm3//lib/libopencm3_stm32f3.a(gpio_common_all.o)
                               0x50a4 (size before relaxing)
 .debug_str     0x00018372       0x79 ./libopencm3//lib/libopencm3_stm32f3.a(gpio_common_f0234.o)
                               0x50c6 (size before relaxing)
 .debug_str     0x000183eb      0x5dc ./libopencm3//lib/libopencm3_stm32f3.a(spi_common_all.o)
                               0x7883 (size before relaxing)
 .debug_str     0x000189c7      0x1d3 ./libopencm3//lib/libopencm3_stm32f3.a(dma_common_l1f013.o)
                               0x61ee (size before relaxing)
 .debug_str     0x00018b9a       0x96 ./libopencm3//lib/libopencm3_stm32f3.a(flash_common_f234.o)
                               0x4802 (size before relaxing)
 .debug_str     0x00018c30      0x102 ./libopencm3//lib/libopencm3_stm32f3.a(rcc_common_all.o)
                               0x6649 (size before relaxing)
 .debug_str     0x00018d32       0xab ./libopencm3//lib/libopencm3_stm32f3.a(spi_common_f03.o)
                               0x731c (size before relaxing)
 .debug_str     0x00018ddd      0x410 ./libopencm3//lib/libopencm3_stm32f3.a(usb.o)
                               0x705e (size before relaxing)
 .debug_str     0x000191ed      0x158 ./libopencm3//lib/libopencm3_stm32f3.a(usb_control.o)
                               0x712e (size before relaxing)
 .debug_str     0x00019345      0x292 ./libopencm3//lib/libopencm3_stm32f3.a(usb_standard.o)
                               0x71f5 (size before relaxing)
 .debug_str     0x000195d7       0x83 ./libopencm3//lib/libopencm3_stm32f3.a(st_usbfs_v1.o)
                               0x87bb (size before relaxing)
 .debug_str     0x0001965a      0xde6 ./libopencm3//lib/libopencm3_stm32f3.a(vector.o)
                               0x61df (size before relaxing)
 .debug_str     0x0001a440       0x39 ./libopencm3//lib/libopencm3_stm32f3.a(scb.o)
                               0x74fa (size before relaxing)
 .debug_str     0x0001a479      0x9ce ./libopencm3//lib/libopencm3_stm32f3.a(nvic.o)
                               0x4c06 (size before relaxing)
 .debug_str     0x0001ae47      0x130 ./libopencm3//lib/libopencm3_stm32f3.a(st_usbfs_core.o)
                               0x86cb (size before relaxing)

.comment        0x00000000       0x6e
 .comment       0x00000000       0x6e bias.o
                                 0x6f (size before relaxing)
 .comment       0x0000006e       0x6f reset.o
 .comment       0x0000006e       0x6f main.o
 .comment       0x0000006e       0x6f cdc.o
 .comment       0x0000006e       0x6f comm.o
 .comment       0x0000006e       0x6f acq.o
 .comment       0x0000006e       0x6f ./libopencm3//lib/libopencm3_stm32f3.a(rcc.o)
 .comment       0x0000006e       0x6f ./libopencm3//lib/libopencm3_stm32f3.a(desig.o)
 .comment       0x0000006e       0x6f ./libopencm3//lib/libopencm3_stm32f3.a(gpio_common_all.o)
 .comment       0x0000006e       0x6f ./libopencm3//lib/libopencm3_stm32f3.a(gpio_common_f0234.o)
 .comment       0x0000006e       0x6f ./libopencm3//lib/libopencm3_stm32f3.a(spi_common_all.o)
 .comment       0x0000006e       0x6f ./libopencm3//lib/libopencm3_stm32f3.a(dma_common_l1f013.o)
 .comment       0x0000006e       0x6f ./libopencm3//lib/libopencm3_stm32f3.a(flash_common_f234.o)
 .comment       0x0000006e       0x6f ./libopencm3//lib/libopencm3_stm32f3.a(rcc_common_all.o)
 .comment       0x0000006e       0x6f ./libopencm3//lib/libopencm3_stm32f3.a(spi_common_f03.o)
 .comment       0x0000006e       0x6f ./libopencm3//lib/libopencm3_stm32f3.a(usb.o)
 .comment       0x0000006e       0x6f ./libopencm3//lib/libopencm3_stm32f3.a(usb_control.o)
 .comment       0x0000006e       0x6f ./libopencm3//lib/libopencm3_stm32f3.a(usb_standard.o)
 .comment       0x0000006e       0x6f ./libopencm3//lib/libopencm3_stm32f3.a(st_usbfs_v1.o)
 .comment       0x0000006e       0x6f ./libopencm3//lib/libopencm3_stm32f3.a(vector.o)
 .comment       0x0000006e       0x6f ./libopencm3//lib/libopencm3_stm32f3.a(scb.o)
 .comment       0x0000006e       0x6f ./libopencm3//lib/libopencm3_stm32f3.a(nvic.o)
 .comment       0x0000006e       0x6f ./libopencm3//lib/libopencm3_stm32f3.a(st_usbfs_core.o)

.ARM.attributes
                0x00000000       0x37
 .ARM.attributes
                0x00000000       0x39 bias.o
 .ARM.attributes
                0x00000039       0x39 reset.o
 .ARM.attributes
                0x00000072       0x39 main.o
 .ARM.attributes
                0x000000ab       0x39 cdc.o
 .ARM.attributes
                0x000000e4       0x39 comm.o
 .ARM.attributes
                0x0000011d       0x39 acq.o
 .ARM.attributes
                0x00000156       0x39 ./libopencm3//lib/libopencm3_stm32f3.a(rcc.o)
 .ARM.attributes
                0x0000018f       0x39 ./libopencm3//lib/libopencm3_stm32f3.a(desig.o)
 .ARM.attributes
                0x000001c8       0x39 ./libopencm3//lib/libopencm3_stm32f3.a(gpio_common_all.o)
 .ARM.attributes
                0x00000201       0x39 ./libopencm3//lib/libopencm3_stm32f3.a(gpio_common_f0234.o)
 .ARM.attributes
                0x0000023a       0x39 ./libopencm3//lib/libopencm3_stm32f3.a(spi_common_all.o)
 .ARM.attributes
                0x00000273       0x39 ./libopencm3//lib/libopencm3_stm32f3.a(dma_common_l1f013.o)
 .ARM.attributes
                0x000002ac       0x39 ./libopencm3//lib/libopencm3_stm32f3.a(flash_common_f234.o)
 .ARM.attributes
                0x000002e5       0x39 ./libopencm3//lib/libopencm3_stm32f3.a(rcc_common_all.o)
 .ARM.attributes
                0x0000031e       0x39 ./libopencm3//lib/libopencm3_stm32f3.a(spi_common_f03.o)
 .ARM.attributes
                0x00000357       0x39 ./libopencm3//lib/libopencm3_stm32f3.a(usb.o)
 .ARM.attributes
                0x00000390       0x39 ./libopencm3//lib/libopencm3_stm32f3.a(usb_control.o)
 .ARM.attributes
                0x000003c9       0x39 ./libopencm3//lib/libopencm3_stm32f3.a(usb_standard.o)
 .ARM.attributes
                0x00000402       0x39 ./libopencm3//lib/libopencm3_stm32f3.a(st_usbfs_v1.o)
 .ARM.attributes
                0x0000043b       0x39 ./libopencm3//lib/libopencm3_stm32f3.a(vector.o)
 .ARM.attributes
                0x00000474       0x39 ./libopencm3//lib/libopencm3_stm32f3.a(scb.o)
 .ARM.attributes
                0x000004ad       0x39 ./libopencm3//lib/libopencm3_stm32f3.a(nvic.o)
 .ARM.attributes
                0x000004e6       0x39 ./libopencm3//lib/libopencm3_stm32f3.a(st_usbfs_core.o)
 .ARM.attributes
                0x0000051f       0x20 /home/atx/build/gcc-arm-none-eabi-5_3-2016q1/bin/../lib/gcc/arm-none-eabi/5.3.1/../../../../arm-none-eabi/lib/armv7e-m/fpu/libc.a(lib_a-memcpy.o)
 .ARM.attributes
                0x0000053f       0x34 /home/atx/build/gcc-arm-none-eabi-5_3-2016q1/bin/../lib/gcc/arm-none-eabi/5.3.1/../../../../arm-none-eabi/lib/armv7e-m/fpu/libc.a(lib_a-memmove.o)
 .ARM.attributes
                0x00000573       0x20 /home/atx/build/gcc-arm-none-eabi-5_3-2016q1/bin/../lib/gcc/arm-none-eabi/5.3.1/../../../../arm-none-eabi/lib/armv7e-m/fpu/libc.a(lib_a-strlen.o)

.debug_frame    0x00000000     0x14c8
 .debug_frame   0x00000000       0x5c bias.o
 .debug_frame   0x0000005c       0x28 reset.o
 .debug_frame   0x00000084       0x28 main.o
 .debug_frame   0x000000ac       0xdc cdc.o
 .debug_frame   0x00000188      0x1ac comm.o
 .debug_frame   0x00000334       0xb0 acq.o
 .debug_frame   0x000003e4      0x214 ./libopencm3//lib/libopencm3_stm32f3.a(rcc.o)
 .debug_frame   0x000005f8       0x50 ./libopencm3//lib/libopencm3_stm32f3.a(desig.o)
 .debug_frame   0x00000648       0x80 ./libopencm3//lib/libopencm3_stm32f3.a(gpio_common_all.o)
 .debug_frame   0x000006c8       0x70 ./libopencm3//lib/libopencm3_stm32f3.a(gpio_common_f0234.o)
 .debug_frame   0x00000738      0x2d0 ./libopencm3//lib/libopencm3_stm32f3.a(spi_common_all.o)
 .debug_frame   0x00000a08      0x1a0 ./libopencm3//lib/libopencm3_stm32f3.a(dma_common_l1f013.o)
 .debug_frame   0x00000ba8       0x80 ./libopencm3//lib/libopencm3_stm32f3.a(flash_common_f234.o)
 .debug_frame   0x00000c28       0xb0 ./libopencm3//lib/libopencm3_stm32f3.a(rcc_common_all.o)
 .debug_frame   0x00000cd8       0xac ./libopencm3//lib/libopencm3_stm32f3.a(spi_common_f03.o)
 .debug_frame   0x00000d84      0x13c ./libopencm3//lib/libopencm3_stm32f3.a(usb.o)
 .debug_frame   0x00000ec0      0x154 ./libopencm3//lib/libopencm3_stm32f3.a(usb_control.o)
 .debug_frame   0x00001014      0x1ec ./libopencm3//lib/libopencm3_stm32f3.a(usb_standard.o)
 .debug_frame   0x00001200       0x64 ./libopencm3//lib/libopencm3_stm32f3.a(st_usbfs_v1.o)
 .debug_frame   0x00001264       0x40 ./libopencm3//lib/libopencm3_stm32f3.a(vector.o)
 .debug_frame   0x000012a4       0x40 ./libopencm3//lib/libopencm3_stm32f3.a(scb.o)
 .debug_frame   0x000012e4       0xa0 ./libopencm3//lib/libopencm3_stm32f3.a(nvic.o)
 .debug_frame   0x00001384      0x114 ./libopencm3//lib/libopencm3_stm32f3.a(st_usbfs_core.o)
 .debug_frame   0x00001498       0x30 /home/atx/build/gcc-arm-none-eabi-5_3-2016q1/bin/../lib/gcc/arm-none-eabi/5.3.1/../../../../arm-none-eabi/lib/armv7e-m/fpu/libc.a(lib_a-memmove.o)

.debug_loc      0x00000000     0x41e1
 .debug_loc     0x00000000       0x2b reset.o
 .debug_loc     0x0000002b      0x296 cdc.o
 .debug_loc     0x000002c1      0x7cd comm.o
 .debug_loc     0x00000a8e       0xae acq.o
 .debug_loc     0x00000b3c      0x3a8 ./libopencm3//lib/libopencm3_stm32f3.a(rcc.o)
 .debug_loc     0x00000ee4       0x6c ./libopencm3//lib/libopencm3_stm32f3.a(desig.o)
 .debug_loc     0x00000f50       0x97 ./libopencm3//lib/libopencm3_stm32f3.a(gpio_common_all.o)
 .debug_loc     0x00000fe7       0xdd ./libopencm3//lib/libopencm3_stm32f3.a(gpio_common_f0234.o)
 .debug_loc     0x000010c4      0x12b ./libopencm3//lib/libopencm3_stm32f3.a(spi_common_all.o)
 .debug_loc     0x000011ef      0x711 ./libopencm3//lib/libopencm3_stm32f3.a(dma_common_l1f013.o)
 .debug_loc     0x00001900       0x3f ./libopencm3//lib/libopencm3_stm32f3.a(flash_common_f234.o)
 .debug_loc     0x0000193f      0x108 ./libopencm3//lib/libopencm3_stm32f3.a(rcc_common_all.o)
 .debug_loc     0x00001a47       0xe4 ./libopencm3//lib/libopencm3_stm32f3.a(spi_common_f03.o)
 .debug_loc     0x00001b2b      0x4b1 ./libopencm3//lib/libopencm3_stm32f3.a(usb.o)
 .debug_loc     0x00001fdc      0x58d ./libopencm3//lib/libopencm3_stm32f3.a(usb_control.o)
 .debug_loc     0x00002569     0x116c ./libopencm3//lib/libopencm3_stm32f3.a(usb_standard.o)
 .debug_loc     0x000036d5       0xda ./libopencm3//lib/libopencm3_stm32f3.a(st_usbfs_v1.o)
 .debug_loc     0x000037af       0xdf ./libopencm3//lib/libopencm3_stm32f3.a(vector.o)
 .debug_loc     0x0000388e       0x21 ./libopencm3//lib/libopencm3_stm32f3.a(scb.o)
 .debug_loc     0x000038af      0x129 ./libopencm3//lib/libopencm3_stm32f3.a(nvic.o)
 .debug_loc     0x000039d8      0x809 ./libopencm3//lib/libopencm3_stm32f3.a(st_usbfs_core.o)
